error[E0369]: binary operation `==` cannot be applied to type `&<T as pallet::Trait>::Bar`
  --> $DIR/call_009.rs:20:37
   |
20 |         fn foo(origin: OriginFor<T>, bar: T::Bar) -> DispatchResultWithPostInfo {
   |                                           ^
   |
help: consider further restricting this bound
   |
1  | #[frame_support::pallet] + std::cmp::PartialEq
   |                          ^^^^^^^^^^^^^^^^^^^^^

error[E0277]: the trait bound `<T as pallet::Trait>::Bar: std::clone::Clone` is not satisfied
  --> $DIR/call_009.rs:20:37
   |
20 |         fn foo(origin: OriginFor<T>, bar: T::Bar) -> DispatchResultWithPostInfo {
   |                                           ^ the trait `std::clone::Clone` is not implemented for `<T as pallet::Trait>::Bar`
   |
   = note: required by `std::clone::Clone::clone`

error[E0277]: `<T as pallet::Trait>::Bar` doesn't implement `std::fmt::Debug`
  --> $DIR/call_009.rs:20:37
   |
20 |         fn foo(origin: OriginFor<T>, bar: T::Bar) -> DispatchResultWithPostInfo {
   |                                           ^ `<T as pallet::Trait>::Bar` cannot be formatted using `{:?}` because it doesn't implement `std::fmt::Debug`
   |
   = help: the trait `std::fmt::Debug` is not implemented for `<T as pallet::Trait>::Bar`
   = note: required because of the requirements on the impl of `std::fmt::Debug` for `&<T as pallet::Trait>::Bar`
   = note: required for the cast to the object type `dyn std::fmt::Debug`
