error[E0277]: the trait bound `pallet::GenesisConfig: std::default::Default` is not satisfied
    --> $DIR/genesis_004.rs:22:18
     |
22   |     impl<T: Config> GenesisBuild<T> for GenesisConfig {}
     |                     ^^^^^^^^^^^^^^^ the trait `std::default::Default` is not implemented for `pallet::GenesisConfig`
     |
    ::: $WORKSPACE/frame/support/src/traits.rs
     |
     | pub trait GenesisBuild<T, I=()>: Default + MaybeSerializeDeserialize {
     |                                  ------- required by this bound in `frame_support::traits::GenesisBuild`
