error: Invalid pallet::interface, expect item impl
  --> $DIR/step_013.rs:10:2
   |
10 |     pub enum Foo {}
   |     ^^^
