error: Missing `#[pallet::trait_]`
 --> $DIR/step_003.rs:2:1
  |
2 | mod pallet {
  | ^^^
