error: Invalid pallet::module, expect struct definition
 --> $DIR/step_009.rs:7:2
  |
7 |     pub enum Foo {}
  |     ^^^
