error: expected `Config`
 --> $DIR/step_006.rs:4:12
  |
4 |     pub trait Foo {}
  |               ^^^
