error[E0446]: private type `pallet::_GeneratedPrefixForStorageFoo` in public interface
  --> $DIR/store_trait_leak_private.rs:11:37
   |
11 |     #[pallet::generate_store(pub trait Store)]
   |                                        ^^^^^ can't leak private type
...
21 |     type Foo = StorageValueType<_, u8>;
   |          - `pallet::_GeneratedPrefixForStorageFoo` declared as private
