error: `config()`/`get()` with the same name already defined.
  --> $DIR/config_duplicate.rs:37:21
   |
37 |         pub Value2 config(value): u32;
   |                           ^^^^^
